// Jest Snapshot v1, https://goo.gl/fbAQLP

exports[`string utils: remove actions from subject 1`] = `"Hello"`;
