// Jest Snapshot v1, https://goo.gl/fbAQLP

exports[`label actions:  should add labels to state 1`] = `
Immutable.Map {
  1: Immutable.Map {
    id: 1,
    text: "label 1",
  },
  2: Immutable.Map {
    id: 2,
    text: "label 2",
  },
}
`;
