// Jest Snapshot v1, https://goo.gl/fbAQLP

exports[`user actions should add user to state 1`] = `
Object {
  "1": Object {
    "email": "test1@criptext.com",
    "id": 1,
    "name": "test 1",
  },
  "3": Object {
    "email": "test3@criptext.com",
    "id": 3,
    "name": "test 3",
  },
}
`;

exports[`user actions should add users to state 1`] = `
Object {
  "1": Object {
    "email": "test1@criptext.com",
    "id": 1,
    "name": "test 1",
  },
  "3": Object {
    "email": "test3@criptext.com",
    "id": 3,
    "name": "test 3",
  },
}
`;
